// Jest Snapshot v1, https://goo.gl/fbAQLP

exports[`Home test Home page renders correctly 1`] = `
Array [
  <header
    className="App-header"
  >
    <nav>
      <div>
        <h3>
          2023
        </h3>
      </div>
      <h4>
        Cryptocurrencies Today
      </h4>
      <div
        className="icons-container"
      >
        <svg
          fill="currentColor"
          height="1em"
          stroke="currentColor"
          strokeWidth="0"
          style={
            Object {
              "color": undefined,
            }
          }
          viewBox="0 0 352 512"
          width="1em"
          xmlns="http://www.w3.org/2000/svg"
        >
          <path
            d="M176 352c53.02 0 96-42.98 96-96V96c0-53.02-42.98-96-96-96S80 42.98 80 96v160c0 53.02 42.98 96 96 96zm160-160h-16c-8.84 0-16 7.16-16 16v48c0 74.8-64.49 134.82-140.79 127.38C96.71 376.89 48 317.11 48 250.3V208c0-8.84-7.16-16-16-16H16c-8.84 0-16 7.16-16 16v40.16c0 89.64 63.97 169.55 152 181.69V464H96c-8.84 0-16 7.16-16 16v16c0 8.84 7.16 16 16 16h160c8.84 0 16-7.16 16-16v-16c0-8.84-7.16-16-16-16h-56v-33.77C285.71 418.47 352 344.9 352 256v-48c0-8.84-7.16-16-16-16z"
          />
        </svg>
        <svg
          fill="currentColor"
          height="1em"
          stroke="currentColor"
          strokeWidth="0"
          style={
            Object {
              "color": undefined,
            }
          }
          viewBox="0 0 512 512"
          width="1em"
          xmlns="http://www.w3.org/2000/svg"
        >
          <path
            d="M487.4 315.7l-42.6-24.6c4.3-23.2 4.3-47 0-70.2l42.6-24.6c4.9-2.8 7.1-8.6 5.5-14-11.1-35.6-30-67.8-54.7-94.6-3.8-4.1-10-5.1-14.8-2.3L380.8 110c-17.9-15.4-38.5-27.3-60.8-35.1V25.8c0-5.6-3.9-10.5-9.4-11.7-36.7-8.2-74.3-7.8-109.2 0-5.5 1.2-9.4 6.1-9.4 11.7V75c-22.2 7.9-42.8 19.8-60.8 35.1L88.7 85.5c-4.9-2.8-11-1.9-14.8 2.3-24.7 26.7-43.6 58.9-54.7 94.6-1.7 5.4.6 11.2 5.5 14L67.3 221c-4.3 23.2-4.3 47 0 70.2l-42.6 24.6c-4.9 2.8-7.1 8.6-5.5 14 11.1 35.6 30 67.8 54.7 94.6 3.8 4.1 10 5.1 14.8 2.3l42.6-24.6c17.9 15.4 38.5 27.3 60.8 35.1v49.2c0 5.6 3.9 10.5 9.4 11.7 36.7 8.2 74.3 7.8 109.2 0 5.5-1.2 9.4-6.1 9.4-11.7v-49.2c22.2-7.9 42.8-19.8 60.8-35.1l42.6 24.6c4.9 2.8 11 1.9 14.8-2.3 24.7-26.7 43.6-58.9 54.7-94.6 1.5-5.5-.7-11.3-5.6-14.1zM256 336c-44.1 0-80-35.9-80-80s35.9-80 80-80 80 35.9 80 80-35.9 80-80 80z"
          />
        </svg>
      </div>
    </nav>
    <input
      name="currencies-filter"
      onChange={[Function]}
      placeholder="Search"
      type="search"
      value=""
    />
  </header>,
  <div
    className="currencies"
  >
    <a
      href="/bitcoin"
      onClick={[Function]}
    >
      <div
        className="currency-box bg1"
        id="bitcoin"
        role="presentation"
      >
        <h4>
          #
          1
        </h4>
        <h2>
          BTC
        </h2>
        <h3>
          Bitcoin
        </h3>
        <p>
          22785.156395115
        </p>
      </div>
    </a>
    <a
      href="/ethereum"
      onClick={[Function]}
    >
      <div
        className="currency-box bg2"
        id="ethereum"
        role="presentation"
      >
        <h4>
          #
          2
        </h4>
        <h2>
          ETH
        </h2>
        <h3>
          Ethereum
        </h3>
        <p>
          1578.509799257
        </p>
      </div>
    </a>
    <a
      href="/tether"
      onClick={[Function]}
    >
      <div
        className="currency-box bg2"
        id="tether"
        role="presentation"
      >
        <h4>
          #
          3
        </h4>
        <h2>
          USDT
        </h2>
        <h3>
          Tether
        </h3>
        <p>
          1.000400695
        </p>
      </div>
    </a>
    <a
      href="/binance-coin"
      onClick={[Function]}
    >
      <div
        className="currency-box bg1"
        id="binance-coin"
        role="presentation"
      >
        <h4>
          #
          4
        </h4>
        <h2>
          BNB
        </h2>
        <h3>
          BNB
        </h3>
        <p>
          302.378995713
        </p>
      </div>
    </a>
    <a
      href="/usd-coin"
      onClick={[Function]}
    >
      <div
        className="currency-box bg1"
        id="usd-coin"
        role="presentation"
      >
        <h4>
          #
          5
        </h4>
        <h2>
          USDC
        </h2>
        <h3>
          USD Coin
        </h3>
        <p>
          1.000329123
        </p>
      </div>
    </a>
    <a
      href="/xrp"
      onClick={[Function]}
    >
      <div
        className="currency-box bg2"
        id="xrp"
        role="presentation"
      >
        <h4>
          #
          6
        </h4>
        <h2>
          XRP
        </h2>
        <h3>
          XRP
        </h3>
        <p>
          0.385372514
        </p>
      </div>
    </a>
    <a
      href="/binance-usd"
      onClick={[Function]}
    >
      <div
        className="currency-box bg2"
        id="binance-usd"
        role="presentation"
      >
        <h4>
          #
          7
        </h4>
        <h2>
          BUSD
        </h2>
        <h3>
          Binance USD
        </h3>
        <p>
          0.999981138
        </p>
      </div>
    </a>
    <a
      href="/cardano"
      onClick={[Function]}
    >
      <div
        className="currency-box bg1"
        id="cardano"
        role="presentation"
      >
        <h4>
          #
          8
        </h4>
        <h2>
          ADA
        </h2>
        <h3>
          Cardano
        </h3>
        <p>
          0.388482756
        </p>
      </div>
    </a>
    <a
      href="/dogecoin"
      onClick={[Function]}
    >
      <div
        className="currency-box bg1"
        id="dogecoin"
        role="presentation"
      >
        <h4>
          #
          9
        </h4>
        <h2>
          DOGE
        </h2>
        <h3>
          Dogecoin
        </h3>
        <p>
          0.086074955
        </p>
      </div>
    </a>
    <a
      href="/polygon"
      onClick={[Function]}
    >
      <div
        className="currency-box bg2"
        id="polygon"
        role="presentation"
      >
        <h4>
          #
          10
        </h4>
        <h2>
          MATIC
        </h2>
        <h3>
          Polygon
        </h3>
        <p>
          1.270417656
        </p>
      </div>
    </a>
    <a
      href="/solana"
      onClick={[Function]}
    >
      <div
        className="currency-box bg2"
        id="solana"
        role="presentation"
      >
        <h4>
          #
          11
        </h4>
        <h2>
          SOL
        </h2>
        <h3>
          Solana
        </h3>
        <p>
          22.323955026
        </p>
      </div>
    </a>
    <a
      href="/polkadot"
      onClick={[Function]}
    >
      <div
        className="currency-box bg1"
        id="polkadot"
        role="presentation"
      >
        <h4>
          #
          12
        </h4>
        <h2>
          DOT
        </h2>
        <h3>
          Polkadot
        </h3>
        <p>
          6.287465421
        </p>
      </div>
    </a>
    <a
      href="/shiba-inu"
      onClick={[Function]}
    >
      <div
        className="currency-box bg1"
        id="shiba-inu"
        role="presentation"
      >
        <h4>
          #
          13
        </h4>
        <h2>
          SHIB
        </h2>
        <h3>
          Shiba Inu
        </h3>
        <p>
          0.000013163
        </p>
      </div>
    </a>
    <a
      href="/litecoin"
      onClick={[Function]}
    >
      <div
        className="currency-box bg2"
        id="litecoin"
        role="presentation"
      >
        <h4>
          #
          14
        </h4>
        <h2>
          LTC
        </h2>
        <h3>
          Litecoin
        </h3>
        <p>
          97.234582486
        </p>
      </div>
    </a>
    <a
      href="/terra-luna"
      onClick={[Function]}
    >
      <div
        className="currency-box bg2"
        id="terra-luna"
        role="presentation"
      >
        <h4>
          #
          15
        </h4>
        <h2>
          LUNA
        </h2>
        <h3>
          Terra
        </h3>
        <p>
          1.883848822
        </p>
      </div>
    </a>
    <a
      href="/tron"
      onClick={[Function]}
    >
      <div
        className="currency-box bg1"
        id="tron"
        role="presentation"
      >
        <h4>
          #
          16
        </h4>
        <h2>
          TRX
        </h2>
        <h3>
          TRON
        </h3>
        <p>
          0.069459243
        </p>
      </div>
    </a>
    <a
      href="/avalanche"
      onClick={[Function]}
    >
      <div
        className="currency-box bg1"
        id="avalanche"
        role="presentation"
      >
        <h4>
          #
          17
        </h4>
        <h2>
          AVAX
        </h2>
        <h3>
          Avalanche
        </h3>
        <p>
          18.562502827
        </p>
      </div>
    </a>
    <a
      href="/multi-collateral-dai"
      onClick={[Function]}
    >
      <div
        className="currency-box bg2"
        id="multi-collateral-dai"
        role="presentation"
      >
        <h4>
          #
          18
        </h4>
        <h2>
          DAI
        </h2>
        <h3>
          Multi Collateral DAI
        </h3>
        <p>
          1.000820499
        </p>
      </div>
    </a>
    <a
      href="/uniswap"
      onClick={[Function]}
    >
      <div
        className="currency-box bg2"
        id="uniswap"
        role="presentation"
      >
        <h4>
          #
          19
        </h4>
        <h2>
          UNI
        </h2>
        <h3>
          Uniswap
        </h3>
        <p>
          6.594635649
        </p>
      </div>
    </a>
    <a
      href="/wrapped-bitcoin"
      onClick={[Function]}
    >
      <div
        className="currency-box bg1"
        id="wrapped-bitcoin"
        role="presentation"
      >
        <h4>
          #
          20
        </h4>
        <h2>
          WBTC
        </h2>
        <h3>
          Wrapped Bitcoin
        </h3>
        <p>
          22787.543301997
        </p>
      </div>
    </a>
    <a
      href="/chainlink"
      onClick={[Function]}
    >
      <div
        className="currency-box bg1"
        id="chainlink"
        role="presentation"
      >
        <h4>
          #
          21
        </h4>
        <h2>
          LINK
        </h2>
        <h3>
          Chainlink
        </h3>
        <p>
          6.902790078
        </p>
      </div>
    </a>
    <a
      href="/cosmos"
      onClick={[Function]}
    >
      <div
        className="currency-box bg2"
        id="cosmos"
        role="presentation"
      >
        <h4>
          #
          22
        </h4>
        <h2>
          ATOM
        </h2>
        <h3>
          Cosmos
        </h3>
        <p>
          13.448699213
        </p>
      </div>
    </a>
    <a
      href="/unus-sed-leo"
      onClick={[Function]}
    >
      <div
        className="currency-box bg2"
        id="unus-sed-leo"
        role="presentation"
      >
        <h4>
          #
          23
        </h4>
        <h2>
          LEO
        </h2>
        <h3>
          UNUS SED LEO
        </h3>
        <p>
          3.336365458
        </p>
      </div>
    </a>
    <a
      href="/ethereum-classic"
      onClick={[Function]}
    >
      <div
        className="currency-box bg1"
        id="ethereum-classic"
        role="presentation"
      >
        <h4>
          #
          24
        </h4>
        <h2>
          ETC
        </h2>
        <h3>
          Ethereum Classic
        </h3>
        <p>
          21.423004787
        </p>
      </div>
    </a>
    <a
      href="/monero"
      onClick={[Function]}
    >
      <div
        className="currency-box bg1"
        id="monero"
        role="presentation"
      >
        <h4>
          #
          25
        </h4>
        <h2>
          XMR
        </h2>
        <h3>
          Monero
        </h3>
        <p>
          162.088103874
        </p>
      </div>
    </a>
    <a
      href="/okb"
      onClick={[Function]}
    >
      <div
        className="currency-box bg2"
        id="okb"
        role="presentation"
      >
        <h4>
          #
          26
        </h4>
        <h2>
          OKB
        </h2>
        <h3>
          OKB
        </h3>
        <p>
          43.833941945
        </p>
      </div>
    </a>
    <a
      href="/bitcoin-cash"
      onClick={[Function]}
    >
      <div
        className="currency-box bg2"
        id="bitcoin-cash"
        role="presentation"
      >
        <h4>
          #
          27
        </h4>
        <h2>
          BCH
        </h2>
        <h3>
          Bitcoin Cash
        </h3>
        <p>
          127.151116046
        </p>
      </div>
    </a>
    <a
      href="/lido-dao"
      onClick={[Function]}
    >
      <div
        className="currency-box bg1"
        id="lido-dao"
        role="presentation"
      >
        <h4>
          #
          28
        </h4>
        <h2>
          LDO
        </h2>
        <h3>
          Lido DAO
        </h3>
        <p>
          2.763442634
        </p>
      </div>
    </a>
    <a
      href="/stellar"
      onClick={[Function]}
    >
      <div
        className="currency-box bg1"
        id="stellar"
        role="presentation"
      >
        <h4>
          #
          29
        </h4>
        <h2>
          XLM
        </h2>
        <h3>
          Stellar
        </h3>
        <p>
          0.086475522
        </p>
      </div>
    </a>
    <a
      href="/filecoin"
      onClick={[Function]}
    >
      <div
        className="currency-box bg2"
        id="filecoin"
        role="presentation"
      >
        <h4>
          #
          30
        </h4>
        <h2>
          FIL
        </h2>
        <h3>
          Filecoin
        </h3>
        <p>
          5.220940817
        </p>
      </div>
    </a>
    <a
      href="/near-protocol"
      onClick={[Function]}
    >
      <div
        className="currency-box bg2"
        id="near-protocol"
        role="presentation"
      >
        <h4>
          #
          31
        </h4>
        <h2>
          NEAR
        </h2>
        <h3>
          NEAR Protocol
        </h3>
        <p>
          2.305677593
        </p>
      </div>
    </a>
    <a
      href="/crypto-com-coin"
      onClick={[Function]}
    >
      <div
        className="currency-box bg1"
        id="crypto-com-coin"
        role="presentation"
      >
        <h4>
          #
          32
        </h4>
        <h2>
          CRO
        </h2>
        <h3>
          Crypto.com Coin
        </h3>
        <p>
          0.077042814
        </p>
      </div>
    </a>
    <a
      href="/algorand"
      onClick={[Function]}
    >
      <div
        className="currency-box bg1"
        id="algorand"
        role="presentation"
      >
        <h4>
          #
          33
        </h4>
        <h2>
          ALGO
        </h2>
        <h3>
          Algorand
        </h3>
        <p>
          0.265816395
        </p>
      </div>
    </a>
    <a
      href="/vechain"
      onClick={[Function]}
    >
      <div
        className="currency-box bg2"
        id="vechain"
        role="presentation"
      >
        <h4>
          #
          34
        </h4>
        <h2>
          VET
        </h2>
        <h3>
          VeChain
        </h3>
        <p>
          0.024448132
        </p>
      </div>
    </a>
    <a
      href="/quant"
      onClick={[Function]}
    >
      <div
        className="currency-box bg2"
        id="quant"
        role="presentation"
      >
        <h4>
          #
          35
        </h4>
        <h2>
          QNT
        </h2>
        <h3>
          Quant
        </h3>
        <p>
          144.086977334
        </p>
      </div>
    </a>
    <a
      href="/internet-computer"
      onClick={[Function]}
    >
      <div
        className="currency-box bg1"
        id="internet-computer"
        role="presentation"
      >
        <h4>
          #
          36
        </h4>
        <h2>
          ICP
        </h2>
        <h3>
          Internet Computer
        </h3>
        <p>
          5.743381392
        </p>
      </div>
    </a>
    <a
      href="/the-graph"
      onClick={[Function]}
    >
      <div
        className="currency-box bg1"
        id="the-graph"
        role="presentation"
      >
        <h4>
          #
          37
        </h4>
        <h2>
          GRT
        </h2>
        <h3>
          The Graph
        </h3>
        <p>
          0.178595401
        </p>
      </div>
    </a>
    <a
      href="/fantom"
      onClick={[Function]}
    >
      <div
        className="currency-box bg2"
        id="fantom"
        role="presentation"
      >
        <h4>
          #
          38
        </h4>
        <h2>
          FTM
        </h2>
        <h3>
          Fantom
        </h3>
        <p>
          0.536723966
        </p>
      </div>
    </a>
    <a
      href="/hedera-hashgraph"
      onClick={[Function]}
    >
      <div
        className="currency-box bg2"
        id="hedera-hashgraph"
        role="presentation"
      >
        <h4>
          #
          39
        </h4>
        <h2>
          HBAR
        </h2>
        <h3>
          Hedera Hashgraph
        </h3>
        <p>
          0.087484124
        </p>
      </div>
    </a>
    <a
      href="/decentraland"
      onClick={[Function]}
    >
      <div
        className="currency-box bg1"
        id="decentraland"
        role="presentation"
      >
        <h4>
          #
          40
        </h4>
        <h2>
          MANA
        </h2>
        <h3>
          Decentraland
        </h3>
        <p>
          0.684430620
        </p>
      </div>
    </a>
    <a
      href="/bitcoin-bep2"
      onClick={[Function]}
    >
      <div
        className="currency-box bg1"
        id="bitcoin-bep2"
        role="presentation"
      >
        <h4>
          #
          41
        </h4>
        <h2>
          BTCB
        </h2>
        <h3>
          Bitcoin BEP2
        </h3>
        <p>
          22783.591865061
        </p>
      </div>
    </a>
    <a
      href="/aave"
      onClick={[Function]}
    >
      <div
        className="currency-box bg2"
        id="aave"
        role="presentation"
      >
        <h4>
          #
          42
        </h4>
        <h2>
          AAVE
        </h2>
        <h3>
          Aave
        </h3>
        <p>
          83.427400887
        </p>
      </div>
    </a>
    <a
      href="/eos"
      onClick={[Function]}
    >
      <div
        className="currency-box bg2"
        id="eos"
        role="presentation"
      >
        <h4>
          #
          43
        </h4>
        <h2>
          EOS
        </h2>
        <h3>
          EOS
        </h3>
        <p>
          1.055011489
        </p>
      </div>
    </a>
    <a
      href="/axie-infinity"
      onClick={[Function]}
    >
      <div
        className="currency-box bg1"
        id="axie-infinity"
        role="presentation"
      >
        <h4>
          #
          44
        </h4>
        <h2>
          AXS
        </h2>
        <h3>
          Axie Infinity
        </h3>
        <p>
          10.199762763
        </p>
      </div>
    </a>
    <a
      href="/flow"
      onClick={[Function]}
    >
      <div
        className="currency-box bg1"
        id="flow"
        role="presentation"
      >
        <h4>
          #
          45
        </h4>
        <h2>
          FLOW
        </h2>
        <h3>
          Flow
        </h3>
        <p>
          1.074988699
        </p>
      </div>
    </a>
    <a
      href="/theta"
      onClick={[Function]}
    >
      <div
        className="currency-box bg2"
        id="theta"
        role="presentation"
      >
        <h4>
          #
          46
        </h4>
        <h2>
          THETA
        </h2>
        <h3>
          THETA
        </h3>
        <p>
          1.100645984
        </p>
      </div>
    </a>
    <a
      href="/elrond-egld"
      onClick={[Function]}
    >
      <div
        className="currency-box bg2"
        id="elrond-egld"
        role="presentation"
      >
        <h4>
          #
          47
        </h4>
        <h2>
          EGLD
        </h2>
        <h3>
          MultiversX
        </h3>
        <p>
          45.100725191
        </p>
      </div>
    </a>
    <a
      href="/the-sandbox"
      onClick={[Function]}
    >
      <div
        className="currency-box bg1"
        id="the-sandbox"
        role="presentation"
      >
        <h4>
          #
          48
        </h4>
        <h2>
          SAND
        </h2>
        <h3>
          The Sandbox
        </h3>
        <p>
          0.715490174
        </p>
      </div>
    </a>
    <a
      href="/frax"
      onClick={[Function]}
    >
      <div
        className="currency-box bg1"
        id="frax"
        role="presentation"
      >
        <h4>
          #
          49
        </h4>
        <h2>
          FRAX
        </h2>
        <h3>
          Frax
        </h3>
        <p>
          1.012866698
        </p>
      </div>
    </a>
    <a
      href="/tezos"
      onClick={[Function]}
    >
      <div
        className="currency-box bg2"
        id="tezos"
        role="presentation"
      >
        <h4>
          #
          50
        </h4>
        <h2>
          XTZ
        </h2>
        <h3>
          Tezos
        </h3>
        <p>
          1.096157091
        </p>
      </div>
    </a>
    <a
      href="/mina"
      onClick={[Function]}
    >
      <div
        className="currency-box bg2"
        id="mina"
        role="presentation"
      >
        <h4>
          #
          51
        </h4>
        <h2>
          MINA
        </h2>
        <h3>
          Mina
        </h3>
        <p>
          1.126291449
        </p>
      </div>
    </a>
    <a
      href="/trueusd"
      onClick={[Function]}
    >
      <div
        className="currency-box bg1"
        id="trueusd"
        role="presentation"
      >
        <h4>
          #
          52
        </h4>
        <h2>
          TUSD
        </h2>
        <h3>
          TrueUSD
        </h3>
        <p>
          0.998317753
        </p>
      </div>
    </a>
    <a
      href="/chiliz"
      onClick={[Function]}
    >
      <div
        className="currency-box bg1"
        id="chiliz"
        role="presentation"
      >
        <h4>
          #
          53
        </h4>
        <h2>
          CHZ
        </h2>
        <h3>
          Chiliz
        </h3>
        <p>
          0.137546354
        </p>
      </div>
    </a>
    <a
      href="/rocket-pool"
      onClick={[Function]}
    >
      <div
        className="currency-box bg2"
        id="rocket-pool"
        role="presentation"
      >
        <h4>
          #
          54
        </h4>
        <h2>
          RPL
        </h2>
        <h3>
          Rocket Pool
        </h3>
        <p>
          44.604659884
        </p>
      </div>
    </a>
    <a
      href="/paxos-standard"
      onClick={[Function]}
    >
      <div
        className="currency-box bg2"
        id="paxos-standard"
        role="presentation"
      >
        <h4>
          #
          55
        </h4>
        <h2>
          USDP
        </h2>
        <h3>
          Pax Dollar
        </h3>
        <p>
          0.955192071
        </p>
      </div>
    </a>
    <a
      href="/huobi-token"
      onClick={[Function]}
    >
      <div
        className="currency-box bg1"
        id="huobi-token"
        role="presentation"
      >
        <h4>
          #
          56
        </h4>
        <h2>
          HT
        </h2>
        <h3>
          Huobi Token
        </h3>
        <p>
          5.085433993
        </p>
      </div>
    </a>
    <a
      href="/kucoin-token"
      onClick={[Function]}
    >
      <div
        className="currency-box bg1"
        id="kucoin-token"
        role="presentation"
      >
        <h4>
          #
          57
        </h4>
        <h2>
          KCS
        </h2>
        <h3>
          KuCoin Token
        </h3>
        <p>
          8.213824681
        </p>
      </div>
    </a>
    <a
      href="/curve-dao-token"
      onClick={[Function]}
    >
      <div
        className="currency-box bg2"
        id="curve-dao-token"
        role="presentation"
      >
        <h4>
          #
          58
        </h4>
        <h2>
          CRV
        </h2>
        <h3>
          Curve DAO Token
        </h3>
        <p>
          1.095211582
        </p>
      </div>
    </a>
    <a
      href="/bitcoin-sv"
      onClick={[Function]}
    >
      <div
        className="currency-box bg2"
        id="bitcoin-sv"
        role="presentation"
      >
        <h4>
          #
          59
        </h4>
        <h2>
          BSV
        </h2>
        <h3>
          Bitcoin SV
        </h3>
        <p>
          41.383373986
        </p>
      </div>
    </a>
    <a
      href="/frax-share"
      onClick={[Function]}
    >
      <div
        className="currency-box bg1"
        id="frax-share"
        role="presentation"
      >
        <h4>
          #
          60
        </h4>
        <h2>
          FXS
        </h2>
        <h3>
          Frax Share
        </h3>
        <p>
          10.755592019
        </p>
      </div>
    </a>
    <a
      href="/dash"
      onClick={[Function]}
    >
      <div
        className="currency-box bg1"
        id="dash"
        role="presentation"
      >
        <h4>
          #
          61
        </h4>
        <h2>
          DASH
        </h2>
        <h3>
          Dash
        </h3>
        <p>
          70.019288774
        </p>
      </div>
    </a>
    <a
      href="/zcash"
      onClick={[Function]}
    >
      <div
        className="currency-box bg2"
        id="zcash"
        role="presentation"
      >
        <h4>
          #
          62
        </h4>
        <h2>
          ZEC
        </h2>
        <h3>
          Zcash
        </h3>
        <p>
          44.513424562
        </p>
      </div>
    </a>
    <a
      href="/maker"
      onClick={[Function]}
    >
      <div
        className="currency-box bg2"
        id="maker"
        role="presentation"
      >
        <h4>
          #
          63
        </h4>
        <h2>
          MKR
        </h2>
        <h3>
          Maker
        </h3>
        <p>
          735.290840005
        </p>
      </div>
    </a>
    <a
      href="/klaytn"
      onClick={[Function]}
    >
      <div
        className="currency-box bg1"
        id="klaytn"
        role="presentation"
      >
        <h4>
          #
          64
        </h4>
        <h2>
          KLAY
        </h2>
        <h3>
          Klaytn
        </h3>
        <p>
          0.217526173
        </p>
      </div>
    </a>
    <a
      href="/pancakeswap"
      onClick={[Function]}
    >
      <div
        className="currency-box bg1"
        id="pancakeswap"
        role="presentation"
      >
        <h4>
          #
          65
        </h4>
        <h2>
          CAKE
        </h2>
        <h3>
          PancakeSwap
        </h3>
        <p>
          4.027523074
        </p>
      </div>
    </a>
    <a
      href="/ecash"
      onClick={[Function]}
    >
      <div
        className="currency-box bg2"
        id="ecash"
        role="presentation"
      >
        <h4>
          #
          66
        </h4>
        <h2>
          XEC
        </h2>
        <h3>
          eCash
        </h3>
        <p>
          0.000034451
        </p>
      </div>
    </a>
    <a
      href="/iota"
      onClick={[Function]}
    >
      <div
        className="currency-box bg2"
        id="iota"
        role="presentation"
      >
        <h4>
          #
          67
        </h4>
        <h2>
          MIOTA
        </h2>
        <h3>
          IOTA
        </h3>
        <p>
          0.236298945
        </p>
      </div>
    </a>
    <a
      href="/neo"
      onClick={[Function]}
    >
      <div
        className="currency-box bg1"
        id="neo"
        role="presentation"
      >
        <h4>
          #
          68
        </h4>
        <h2>
          NEO
        </h2>
        <h3>
          Neo
        </h3>
        <p>
          8.801846313
        </p>
      </div>
    </a>
    <a
      href="/trust-wallet-token"
      onClick={[Function]}
    >
      <div
        className="currency-box bg1"
        id="trust-wallet-token"
        role="presentation"
      >
        <h4>
          #
          69
        </h4>
        <h2>
          TWT
        </h2>
        <h3>
          Trust Wallet Token
        </h3>
        <p>
          1.451816106
        </p>
      </div>
    </a>
    <a
      href="/gemini-dollar"
      onClick={[Function]}
    >
      <div
        className="currency-box bg2"
        id="gemini-dollar"
        role="presentation"
      >
        <h4>
          #
          70
        </h4>
        <h2>
          GUSD
        </h2>
        <h3>
          Gemini Dollar
        </h3>
        <p>
          0.987597679
        </p>
      </div>
    </a>
    <a
      href="/synthetix-network-token"
      onClick={[Function]}
    >
      <div
        className="currency-box bg2"
        id="synthetix-network-token"
        role="presentation"
      >
        <h4>
          #
          71
        </h4>
        <h2>
          SNX
        </h2>
        <h3>
          Synthetix
        </h3>
        <p>
          2.533950774
        </p>
      </div>
    </a>
    <a
      href="/loopring"
      onClick={[Function]}
    >
      <div
        className="currency-box bg1"
        id="loopring"
        role="presentation"
      >
        <h4>
          #
          72
        </h4>
        <h2>
          LRC
        </h2>
        <h3>
          Loopring
        </h3>
        <p>
          0.432364496
        </p>
      </div>
    </a>
    <a
      href="/thorchain"
      onClick={[Function]}
    >
      <div
        className="currency-box bg1"
        id="thorchain"
        role="presentation"
      >
        <h4>
          #
          73
        </h4>
        <h2>
          RUNE
        </h2>
        <h3>
          THORChain
        </h3>
        <p>
          1.730595533
        </p>
      </div>
    </a>
    <a
      href="/ftx-token"
      onClick={[Function]}
    >
      <div
        className="currency-box bg2"
        id="ftx-token"
        role="presentation"
      >
        <h4>
          #
          74
        </h4>
        <h2>
          FTT
        </h2>
        <h3>
          FTX Token
        </h3>
        <p>
          1.615823861
        </p>
      </div>
    </a>
    <a
      href="/singularitynet"
      onClick={[Function]}
    >
      <div
        className="currency-box bg2"
        id="singularitynet"
        role="presentation"
      >
        <h4>
          #
          75
        </h4>
        <h2>
          AGIX
        </h2>
        <h3>
          SingularityNET
        </h3>
        <p>
          0.425133754
        </p>
      </div>
    </a>
    <a
      href="/render-token"
      onClick={[Function]}
    >
      <div
        className="currency-box bg1"
        id="render-token"
        role="presentation"
      >
        <h4>
          #
          76
        </h4>
        <h2>
          RNDR
        </h2>
        <h3>
          Render Token
        </h3>
        <p>
          1.911599334
        </p>
      </div>
    </a>
    <a
      href="/gatetoken"
      onClick={[Function]}
    >
      <div
        className="currency-box bg1"
        id="gatetoken"
        role="presentation"
      >
        <h4>
          #
          77
        </h4>
        <h2>
          GT
        </h2>
        <h3>
          GateToken
        </h3>
        <p>
          4.425126857
        </p>
      </div>
    </a>
    <a
      href="/zilliqa"
      onClick={[Function]}
    >
      <div
        className="currency-box bg2"
        id="zilliqa"
        role="presentation"
      >
        <h4>
          #
          78
        </h4>
        <h2>
          ZIL
        </h2>
        <h3>
          Zilliqa
        </h3>
        <p>
          0.029710820
        </p>
      </div>
    </a>
    <a
      href="/convex-finance"
      onClick={[Function]}
    >
      <div
        className="currency-box bg2"
        id="convex-finance"
        role="presentation"
      >
        <h4>
          #
          79
        </h4>
        <h2>
          CVX
        </h2>
        <h3>
          Convex Finance
        </h3>
        <p>
          6.261582776
        </p>
      </div>
    </a>
    <a
      href="/oasis-network"
      onClick={[Function]}
    >
      <div
        className="currency-box bg1"
        id="oasis-network"
        role="presentation"
      >
        <h4>
          #
          80
        </h4>
        <h2>
          ROSE
        </h2>
        <h3>
          Oasis Network
        </h3>
        <p>
          0.080917878
        </p>
      </div>
    </a>
    <a
      href="/enjin-coin"
      onClick={[Function]}
    >
      <div
        className="currency-box bg1"
        id="enjin-coin"
        role="presentation"
      >
        <h4>
          #
          81
        </h4>
        <h2>
          ENJ
        </h2>
        <h3>
          Enjin Coin
        </h3>
        <p>
          0.453622362
        </p>
      </div>
    </a>
    <a
      href="/basic-attention-token"
      onClick={[Function]}
    >
      <div
        className="currency-box bg2"
        id="basic-attention-token"
        role="presentation"
      >
        <h4>
          #
          82
        </h4>
        <h2>
          BAT
        </h2>
        <h3>
          Basic Attention Token
        </h3>
        <p>
          0.299349960
        </p>
      </div>
    </a>
    <a
      href="/dydx"
      onClick={[Function]}
    >
      <div
        className="currency-box bg2"
        id="dydx"
        role="presentation"
      >
        <h4>
          #
          83
        </h4>
        <h2>
          DYDX
        </h2>
        <h3>
          dYdX
        </h3>
        <p>
          2.824330183
        </p>
      </div>
    </a>
    <a
      href="/stacks"
      onClick={[Function]}
    >
      <div
        className="currency-box bg1"
        id="stacks"
        role="presentation"
      >
        <h4>
          #
          84
        </h4>
        <h2>
          STX
        </h2>
        <h3>
          Stacks
        </h3>
        <p>
          0.323422131
        </p>
      </div>
    </a>
    <a
      href="/1inch"
      onClick={[Function]}
    >
      <div
        className="currency-box bg1"
        id="1inch"
        role="presentation"
      >
        <h4>
          #
          85
        </h4>
        <h2>
          1INCH
        </h2>
        <h3>
          1inch Network
        </h3>
        <p>
          0.545525066
        </p>
      </div>
    </a>
    <a
      href="/casper"
      onClick={[Function]}
    >
      <div
        className="currency-box bg2"
        id="casper"
        role="presentation"
      >
        <h4>
          #
          86
        </h4>
        <h2>
          CSPR
        </h2>
        <h3>
          Casper
        </h3>
        <p>
          0.038185913
        </p>
      </div>
    </a>
    <a
      href="/nexo"
      onClick={[Function]}
    >
      <div
        className="currency-box bg2"
        id="nexo"
        role="presentation"
      >
        <h4>
          #
          87
        </h4>
        <h2>
          NEXO
        </h2>
        <h3>
          Nexo
        </h3>
        <p>
          0.731860065
        </p>
      </div>
    </a>
    <a
      href="/arweave"
      onClick={[Function]}
    >
      <div
        className="currency-box bg1"
        id="arweave"
        role="presentation"
      >
        <h4>
          #
          88
        </h4>
        <h2>
          AR
        </h2>
        <h3>
          Arweave
        </h3>
        <p>
          11.709555196
        </p>
      </div>
    </a>
    <a
      href="/celo"
      onClick={[Function]}
    >
      <div
        className="currency-box bg1"
        id="celo"
        role="presentation"
      >
        <h4>
          #
          89
        </h4>
        <h2>
          CELO
        </h2>
        <h3>
          Celo
        </h3>
        <p>
          0.772300271
        </p>
      </div>
    </a>
    <a
      href="/holo"
      onClick={[Function]}
    >
      <div
        className="currency-box bg2"
        id="holo"
        role="presentation"
      >
        <h4>
          #
          90
        </h4>
        <h2>
          HOT
        </h2>
        <h3>
          Holo
        </h3>
        <p>
          0.002151824
        </p>
      </div>
    </a>
    <a
      href="/kava"
      onClick={[Function]}
    >
      <div
        className="currency-box bg2"
        id="kava"
        role="presentation"
      >
        <h4>
          #
          91
        </h4>
        <h2>
          KAVA
        </h2>
        <h3>
          Kava
        </h3>
        <p>
          0.905495050
        </p>
      </div>
    </a>
    <a
      href="/fetch"
      onClick={[Function]}
    >
      <div
        className="currency-box bg1"
        id="fetch"
        role="presentation"
      >
        <h4>
          #
          92
        </h4>
        <h2>
          FET
        </h2>
        <h3>
          Fetch.ai
        </h3>
        <p>
          0.446579873
        </p>
      </div>
    </a>
    <a
      href="/compound"
      onClick={[Function]}
    >
      <div
        className="currency-box bg1"
        id="compound"
        role="presentation"
      >
        <h4>
          #
          93
        </h4>
        <h2>
          COMP
        </h2>
        <h3>
          Compound
        </h3>
        <p>
          50.296306549
        </p>
      </div>
    </a>
    <a
      href="/ravencoin"
      onClick={[Function]}
    >
      <div
        className="currency-box bg2"
        id="ravencoin"
        role="presentation"
      >
        <h4>
          #
          94
        </h4>
        <h2>
          RVN
        </h2>
        <h3>
          Ravencoin
        </h3>
        <p>
          0.030030549
        </p>
      </div>
    </a>
    <a
      href="/wootrade"
      onClick={[Function]}
    >
      <div
        className="currency-box bg2"
        id="wootrade"
        role="presentation"
      >
        <h4>
          #
          95
        </h4>
        <h2>
          WOO
        </h2>
        <h3>
          WOO Network
        </h3>
        <p>
          0.219023491
        </p>
      </div>
    </a>
    <a
      href="/helium"
      onClick={[Function]}
    >
      <div
        className="currency-box bg1"
        id="helium"
        role="presentation"
      >
        <h4>
          #
          96
        </h4>
        <h2>
          HNT
        </h2>
        <h3>
          Helium
        </h3>
        <p>
          2.542281956
        </p>
      </div>
    </a>
    <a
      href="/decred"
      onClick={[Function]}
    >
      <div
        className="currency-box bg1"
        id="decred"
        role="presentation"
      >
        <h4>
          #
          97
        </h4>
        <h2>
          DCR
        </h2>
        <h3>
          Decred
        </h3>
        <p>
          23.711858744
        </p>
      </div>
    </a>
    <a
      href="/nem"
      onClick={[Function]}
    >
      <div
        className="currency-box bg2"
        id="nem"
        role="presentation"
      >
        <h4>
          #
          98
        </h4>
        <h2>
          XEM
        </h2>
        <h3>
          NEM
        </h3>
        <p>
          0.038545700
        </p>
      </div>
    </a>
    <a
      href="/theta-fuel"
      onClick={[Function]}
    >
      <div
        className="currency-box bg2"
        id="theta-fuel"
        role="presentation"
      >
        <h4>
          #
          99
        </h4>
        <h2>
          TFUEL
        </h2>
        <h3>
          Theta Fuel
        </h3>
        <p>
          0.054713105
        </p>
      </div>
    </a>
    <a
      href="/harmony"
      onClick={[Function]}
    >
      <div
        className="currency-box bg1"
        id="harmony"
        role="presentation"
      >
        <h4>
          #
          100
        </h4>
        <h2>
          ONE
        </h2>
        <h3>
          Harmony
        </h3>
        <p>
          0.024956810
        </p>
      </div>
    </a>
  </div>,
]
`;
