// Jest Snapshot v1, https://goo.gl/fbAQLP

exports[`Currency component Currency box renders 1`] = `
Array [
  <header
    className="App-header"
  >
    <nav>
      <div>
        <h3>
          2023
        </h3>
      </div>
      <h4>
        Cryptocurrencies Today
      </h4>
      <div
        className="icons-container"
      >
        <svg
          fill="currentColor"
          height="1em"
          stroke="currentColor"
          strokeWidth="0"
          style={
            Object {
              "color": undefined,
            }
          }
          viewBox="0 0 352 512"
          width="1em"
          xmlns="http://www.w3.org/2000/svg"
        >
          <path
            d="M176 352c53.02 0 96-42.98 96-96V96c0-53.02-42.98-96-96-96S80 42.98 80 96v160c0 53.02 42.98 96 96 96zm160-160h-16c-8.84 0-16 7.16-16 16v48c0 74.8-64.49 134.82-140.79 127.38C96.71 376.89 48 317.11 48 250.3V208c0-8.84-7.16-16-16-16H16c-8.84 0-16 7.16-16 16v40.16c0 89.64 63.97 169.55 152 181.69V464H96c-8.84 0-16 7.16-16 16v16c0 8.84 7.16 16 16 16h160c8.84 0 16-7.16 16-16v-16c0-8.84-7.16-16-16-16h-56v-33.77C285.71 418.47 352 344.9 352 256v-48c0-8.84-7.16-16-16-16z"
          />
        </svg>
        <svg
          fill="currentColor"
          height="1em"
          stroke="currentColor"
          strokeWidth="0"
          style={
            Object {
              "color": undefined,
            }
          }
          viewBox="0 0 512 512"
          width="1em"
          xmlns="http://www.w3.org/2000/svg"
        >
          <path
            d="M487.4 315.7l-42.6-24.6c4.3-23.2 4.3-47 0-70.2l42.6-24.6c4.9-2.8 7.1-8.6 5.5-14-11.1-35.6-30-67.8-54.7-94.6-3.8-4.1-10-5.1-14.8-2.3L380.8 110c-17.9-15.4-38.5-27.3-60.8-35.1V25.8c0-5.6-3.9-10.5-9.4-11.7-36.7-8.2-74.3-7.8-109.2 0-5.5 1.2-9.4 6.1-9.4 11.7V75c-22.2 7.9-42.8 19.8-60.8 35.1L88.7 85.5c-4.9-2.8-11-1.9-14.8 2.3-24.7 26.7-43.6 58.9-54.7 94.6-1.7 5.4.6 11.2 5.5 14L67.3 221c-4.3 23.2-4.3 47 0 70.2l-42.6 24.6c-4.9 2.8-7.1 8.6-5.5 14 11.1 35.6 30 67.8 54.7 94.6 3.8 4.1 10 5.1 14.8 2.3l42.6-24.6c17.9 15.4 38.5 27.3 60.8 35.1v49.2c0 5.6 3.9 10.5 9.4 11.7 36.7 8.2 74.3 7.8 109.2 0 5.5-1.2 9.4-6.1 9.4-11.7v-49.2c22.2-7.9 42.8-19.8 60.8-35.1l42.6 24.6c4.9 2.8 11 1.9 14.8-2.3 24.7-26.7 43.6-58.9 54.7-94.6 1.5-5.5-.7-11.3-5.6-14.1zM256 336c-44.1 0-80-35.9-80-80s35.9-80 80-80 80 35.9 80 80-35.9 80-80 80z"
          />
        </svg>
      </div>
    </nav>
  </header>,
  <div
    className="currencies"
  >
    <a
      href="/bitcoin"
      onClick={[Function]}
    >
      <div
        className="currency-box bg1"
        id="bitcoin"
        onClick={[Function]}
        role="presentation"
      >
        <h4>
          #
          1
        </h4>
        <h2>
          BTC
        </h2>
        <h3>
          Bitcoin
        </h3>
        <p>
          22785.1563951154857609
        </p>
      </div>
    </a>
    <a
      href="/ethereum"
      onClick={[Function]}
    >
      <div
        className="currency-box bg2"
        id="ethereum"
        onClick={[Function]}
        role="presentation"
      >
        <h4>
          #
          2
        </h4>
        <h2>
          ETH
        </h2>
        <h3>
          Ethereum
        </h3>
        <p>
          1578.5097992572083285
        </p>
      </div>
    </a>
    <a
      href="/tether"
      onClick={[Function]}
    >
      <div
        className="currency-box bg2"
        id="tether"
        onClick={[Function]}
        role="presentation"
      >
        <h4>
          #
          3
        </h4>
        <h2>
          USDT
        </h2>
        <h3>
          Tether
        </h3>
        <p>
          1.0004006950839384
        </p>
      </div>
    </a>
    <a
      href="/binance-coin"
      onClick={[Function]}
    >
      <div
        className="currency-box bg1"
        id="binance-coin"
        onClick={[Function]}
        role="presentation"
      >
        <h4>
          #
          4
        </h4>
        <h2>
          BNB
        </h2>
        <h3>
          BNB
        </h3>
        <p>
          302.3789957137080337
        </p>
      </div>
    </a>
    <a
      href="/usd-coin"
      onClick={[Function]}
    >
      <div
        className="currency-box bg1"
        id="usd-coin"
        onClick={[Function]}
        role="presentation"
      >
        <h4>
          #
          5
        </h4>
        <h2>
          USDC
        </h2>
        <h3>
          USD Coin
        </h3>
        <p>
          1.0003291239727653
        </p>
      </div>
    </a>
    <a
      href="/xrp"
      onClick={[Function]}
    >
      <div
        className="currency-box bg2"
        id="xrp"
        onClick={[Function]}
        role="presentation"
      >
        <h4>
          #
          6
        </h4>
        <h2>
          XRP
        </h2>
        <h3>
          XRP
        </h3>
        <p>
          0.3853725148918403
        </p>
      </div>
    </a>
    <a
      href="/binance-usd"
      onClick={[Function]}
    >
      <div
        className="currency-box bg2"
        id="binance-usd"
        onClick={[Function]}
        role="presentation"
      >
        <h4>
          #
          7
        </h4>
        <h2>
          BUSD
        </h2>
        <h3>
          Binance USD
        </h3>
        <p>
          0.9999811381457792
        </p>
      </div>
    </a>
    <a
      href="/cardano"
      onClick={[Function]}
    >
      <div
        className="currency-box bg1"
        id="cardano"
        onClick={[Function]}
        role="presentation"
      >
        <h4>
          #
          8
        </h4>
        <h2>
          ADA
        </h2>
        <h3>
          Cardano
        </h3>
        <p>
          0.3884827561717065
        </p>
      </div>
    </a>
    <a
      href="/dogecoin"
      onClick={[Function]}
    >
      <div
        className="currency-box bg1"
        id="dogecoin"
        onClick={[Function]}
        role="presentation"
      >
        <h4>
          #
          9
        </h4>
        <h2>
          DOGE
        </h2>
        <h3>
          Dogecoin
        </h3>
        <p>
          0.0860749553145282
        </p>
      </div>
    </a>
    <a
      href="/polygon"
      onClick={[Function]}
    >
      <div
        className="currency-box bg2"
        id="polygon"
        onClick={[Function]}
        role="presentation"
      >
        <h4>
          #
          10
        </h4>
        <h2>
          MATIC
        </h2>
        <h3>
          Polygon
        </h3>
        <p>
          1.2704176560742625
        </p>
      </div>
    </a>
    <a
      href="/solana"
      onClick={[Function]}
    >
      <div
        className="currency-box bg2"
        id="solana"
        onClick={[Function]}
        role="presentation"
      >
        <h4>
          #
          11
        </h4>
        <h2>
          SOL
        </h2>
        <h3>
          Solana
        </h3>
        <p>
          22.3239550262098878
        </p>
      </div>
    </a>
    <a
      href="/polkadot"
      onClick={[Function]}
    >
      <div
        className="currency-box bg1"
        id="polkadot"
        onClick={[Function]}
        role="presentation"
      >
        <h4>
          #
          12
        </h4>
        <h2>
          DOT
        </h2>
        <h3>
          Polkadot
        </h3>
        <p>
          6.2874654211454091
        </p>
      </div>
    </a>
    <a
      href="/shiba-inu"
      onClick={[Function]}
    >
      <div
        className="currency-box bg1"
        id="shiba-inu"
        onClick={[Function]}
        role="presentation"
      >
        <h4>
          #
          13
        </h4>
        <h2>
          SHIB
        </h2>
        <h3>
          Shiba Inu
        </h3>
        <p>
          0.0000131637778836
        </p>
      </div>
    </a>
    <a
      href="/litecoin"
      onClick={[Function]}
    >
      <div
        className="currency-box bg2"
        id="litecoin"
        onClick={[Function]}
        role="presentation"
      >
        <h4>
          #
          14
        </h4>
        <h2>
          LTC
        </h2>
        <h3>
          Litecoin
        </h3>
        <p>
          97.2345824869616436
        </p>
      </div>
    </a>
    <a
      href="/terra-luna"
      onClick={[Function]}
    >
      <div
        className="currency-box bg2"
        id="terra-luna"
        onClick={[Function]}
        role="presentation"
      >
        <h4>
          #
          15
        </h4>
        <h2>
          LUNA
        </h2>
        <h3>
          Terra
        </h3>
        <p>
          1.8838488222166503
        </p>
      </div>
    </a>
    <a
      href="/tron"
      onClick={[Function]}
    >
      <div
        className="currency-box bg1"
        id="tron"
        onClick={[Function]}
        role="presentation"
      >
        <h4>
          #
          16
        </h4>
        <h2>
          TRX
        </h2>
        <h3>
          TRON
        </h3>
        <p>
          0.0694592432729369
        </p>
      </div>
    </a>
    <a
      href="/avalanche"
      onClick={[Function]}
    >
      <div
        className="currency-box bg1"
        id="avalanche"
        onClick={[Function]}
        role="presentation"
      >
        <h4>
          #
          17
        </h4>
        <h2>
          AVAX
        </h2>
        <h3>
          Avalanche
        </h3>
        <p>
          18.5625028274683755
        </p>
      </div>
    </a>
    <a
      href="/multi-collateral-dai"
      onClick={[Function]}
    >
      <div
        className="currency-box bg2"
        id="multi-collateral-dai"
        onClick={[Function]}
        role="presentation"
      >
        <h4>
          #
          18
        </h4>
        <h2>
          DAI
        </h2>
        <h3>
          Multi Collateral DAI
        </h3>
        <p>
          1.0008204990357947
        </p>
      </div>
    </a>
    <a
      href="/uniswap"
      onClick={[Function]}
    >
      <div
        className="currency-box bg2"
        id="uniswap"
        onClick={[Function]}
        role="presentation"
      >
        <h4>
          #
          19
        </h4>
        <h2>
          UNI
        </h2>
        <h3>
          Uniswap
        </h3>
        <p>
          6.5946356494398415
        </p>
      </div>
    </a>
    <a
      href="/wrapped-bitcoin"
      onClick={[Function]}
    >
      <div
        className="currency-box bg1"
        id="wrapped-bitcoin"
        onClick={[Function]}
        role="presentation"
      >
        <h4>
          #
          20
        </h4>
        <h2>
          WBTC
        </h2>
        <h3>
          Wrapped Bitcoin
        </h3>
        <p>
          22787.5433019975256562
        </p>
      </div>
    </a>
    <a
      href="/chainlink"
      onClick={[Function]}
    >
      <div
        className="currency-box bg1"
        id="chainlink"
        onClick={[Function]}
        role="presentation"
      >
        <h4>
          #
          21
        </h4>
        <h2>
          LINK
        </h2>
        <h3>
          Chainlink
        </h3>
        <p>
          6.9027900784972401
        </p>
      </div>
    </a>
    <a
      href="/cosmos"
      onClick={[Function]}
    >
      <div
        className="currency-box bg2"
        id="cosmos"
        onClick={[Function]}
        role="presentation"
      >
        <h4>
          #
          22
        </h4>
        <h2>
          ATOM
        </h2>
        <h3>
          Cosmos
        </h3>
        <p>
          13.4486992134873133
        </p>
      </div>
    </a>
    <a
      href="/unus-sed-leo"
      onClick={[Function]}
    >
      <div
        className="currency-box bg2"
        id="unus-sed-leo"
        onClick={[Function]}
        role="presentation"
      >
        <h4>
          #
          23
        </h4>
        <h2>
          LEO
        </h2>
        <h3>
          UNUS SED LEO
        </h3>
        <p>
          3.3363654587012303
        </p>
      </div>
    </a>
    <a
      href="/ethereum-classic"
      onClick={[Function]}
    >
      <div
        className="currency-box bg1"
        id="ethereum-classic"
        onClick={[Function]}
        role="presentation"
      >
        <h4>
          #
          24
        </h4>
        <h2>
          ETC
        </h2>
        <h3>
          Ethereum Classic
        </h3>
        <p>
          21.4230047879747442
        </p>
      </div>
    </a>
    <a
      href="/monero"
      onClick={[Function]}
    >
      <div
        className="currency-box bg1"
        id="monero"
        onClick={[Function]}
        role="presentation"
      >
        <h4>
          #
          25
        </h4>
        <h2>
          XMR
        </h2>
        <h3>
          Monero
        </h3>
        <p>
          162.0881038749508788
        </p>
      </div>
    </a>
    <a
      href="/okb"
      onClick={[Function]}
    >
      <div
        className="currency-box bg2"
        id="okb"
        onClick={[Function]}
        role="presentation"
      >
        <h4>
          #
          26
        </h4>
        <h2>
          OKB
        </h2>
        <h3>
          OKB
        </h3>
        <p>
          43.8339419456537443
        </p>
      </div>
    </a>
    <a
      href="/bitcoin-cash"
      onClick={[Function]}
    >
      <div
        className="currency-box bg2"
        id="bitcoin-cash"
        onClick={[Function]}
        role="presentation"
      >
        <h4>
          #
          27
        </h4>
        <h2>
          BCH
        </h2>
        <h3>
          Bitcoin Cash
        </h3>
        <p>
          127.1511160466118828
        </p>
      </div>
    </a>
    <a
      href="/lido-dao"
      onClick={[Function]}
    >
      <div
        className="currency-box bg1"
        id="lido-dao"
        onClick={[Function]}
        role="presentation"
      >
        <h4>
          #
          28
        </h4>
        <h2>
          LDO
        </h2>
        <h3>
          Lido DAO
        </h3>
        <p>
          2.7634426340910416
        </p>
      </div>
    </a>
    <a
      href="/stellar"
      onClick={[Function]}
    >
      <div
        className="currency-box bg1"
        id="stellar"
        onClick={[Function]}
        role="presentation"
      >
        <h4>
          #
          29
        </h4>
        <h2>
          XLM
        </h2>
        <h3>
          Stellar
        </h3>
        <p>
          0.0864755223066123
        </p>
      </div>
    </a>
    <a
      href="/filecoin"
      onClick={[Function]}
    >
      <div
        className="currency-box bg2"
        id="filecoin"
        onClick={[Function]}
        role="presentation"
      >
        <h4>
          #
          30
        </h4>
        <h2>
          FIL
        </h2>
        <h3>
          Filecoin
        </h3>
        <p>
          5.2209408177556753
        </p>
      </div>
    </a>
    <a
      href="/near-protocol"
      onClick={[Function]}
    >
      <div
        className="currency-box bg2"
        id="near-protocol"
        onClick={[Function]}
        role="presentation"
      >
        <h4>
          #
          31
        </h4>
        <h2>
          NEAR
        </h2>
        <h3>
          NEAR Protocol
        </h3>
        <p>
          2.3056775936105646
        </p>
      </div>
    </a>
    <a
      href="/crypto-com-coin"
      onClick={[Function]}
    >
      <div
        className="currency-box bg1"
        id="crypto-com-coin"
        onClick={[Function]}
        role="presentation"
      >
        <h4>
          #
          32
        </h4>
        <h2>
          CRO
        </h2>
        <h3>
          Crypto.com Coin
        </h3>
        <p>
          0.0770428149676954
        </p>
      </div>
    </a>
    <a
      href="/algorand"
      onClick={[Function]}
    >
      <div
        className="currency-box bg1"
        id="algorand"
        onClick={[Function]}
        role="presentation"
      >
        <h4>
          #
          33
        </h4>
        <h2>
          ALGO
        </h2>
        <h3>
          Algorand
        </h3>
        <p>
          0.2658163953906563
        </p>
      </div>
    </a>
    <a
      href="/vechain"
      onClick={[Function]}
    >
      <div
        className="currency-box bg2"
        id="vechain"
        onClick={[Function]}
        role="presentation"
      >
        <h4>
          #
          34
        </h4>
        <h2>
          VET
        </h2>
        <h3>
          VeChain
        </h3>
        <p>
          0.0244481323170529
        </p>
      </div>
    </a>
    <a
      href="/quant"
      onClick={[Function]}
    >
      <div
        className="currency-box bg2"
        id="quant"
        onClick={[Function]}
        role="presentation"
      >
        <h4>
          #
          35
        </h4>
        <h2>
          QNT
        </h2>
        <h3>
          Quant
        </h3>
        <p>
          144.0869773342759107
        </p>
      </div>
    </a>
    <a
      href="/internet-computer"
      onClick={[Function]}
    >
      <div
        className="currency-box bg1"
        id="internet-computer"
        onClick={[Function]}
        role="presentation"
      >
        <h4>
          #
          36
        </h4>
        <h2>
          ICP
        </h2>
        <h3>
          Internet Computer
        </h3>
        <p>
          5.7433813928445385
        </p>
      </div>
    </a>
    <a
      href="/the-graph"
      onClick={[Function]}
    >
      <div
        className="currency-box bg1"
        id="the-graph"
        onClick={[Function]}
        role="presentation"
      >
        <h4>
          #
          37
        </h4>
        <h2>
          GRT
        </h2>
        <h3>
          The Graph
        </h3>
        <p>
          0.1785954016884161
        </p>
      </div>
    </a>
    <a
      href="/fantom"
      onClick={[Function]}
    >
      <div
        className="currency-box bg2"
        id="fantom"
        onClick={[Function]}
        role="presentation"
      >
        <h4>
          #
          38
        </h4>
        <h2>
          FTM
        </h2>
        <h3>
          Fantom
        </h3>
        <p>
          0.5367239665717641
        </p>
      </div>
    </a>
    <a
      href="/hedera-hashgraph"
      onClick={[Function]}
    >
      <div
        className="currency-box bg2"
        id="hedera-hashgraph"
        onClick={[Function]}
        role="presentation"
      >
        <h4>
          #
          39
        </h4>
        <h2>
          HBAR
        </h2>
        <h3>
          Hedera Hashgraph
        </h3>
        <p>
          0.0874841240772978
        </p>
      </div>
    </a>
    <a
      href="/decentraland"
      onClick={[Function]}
    >
      <div
        className="currency-box bg1"
        id="decentraland"
        onClick={[Function]}
        role="presentation"
      >
        <h4>
          #
          40
        </h4>
        <h2>
          MANA
        </h2>
        <h3>
          Decentraland
        </h3>
        <p>
          0.6844306209924259
        </p>
      </div>
    </a>
    <a
      href="/bitcoin-bep2"
      onClick={[Function]}
    >
      <div
        className="currency-box bg1"
        id="bitcoin-bep2"
        onClick={[Function]}
        role="presentation"
      >
        <h4>
          #
          41
        </h4>
        <h2>
          BTCB
        </h2>
        <h3>
          Bitcoin BEP2
        </h3>
        <p>
          22783.5918650610667374
        </p>
      </div>
    </a>
    <a
      href="/aave"
      onClick={[Function]}
    >
      <div
        className="currency-box bg2"
        id="aave"
        onClick={[Function]}
        role="presentation"
      >
        <h4>
          #
          42
        </h4>
        <h2>
          AAVE
        </h2>
        <h3>
          Aave
        </h3>
        <p>
          83.4274008878467945
        </p>
      </div>
    </a>
    <a
      href="/eos"
      onClick={[Function]}
    >
      <div
        className="currency-box bg2"
        id="eos"
        onClick={[Function]}
        role="presentation"
      >
        <h4>
          #
          43
        </h4>
        <h2>
          EOS
        </h2>
        <h3>
          EOS
        </h3>
        <p>
          1.0550114899860713
        </p>
      </div>
    </a>
    <a
      href="/axie-infinity"
      onClick={[Function]}
    >
      <div
        className="currency-box bg1"
        id="axie-infinity"
        onClick={[Function]}
        role="presentation"
      >
        <h4>
          #
          44
        </h4>
        <h2>
          AXS
        </h2>
        <h3>
          Axie Infinity
        </h3>
        <p>
          10.1997627634645996
        </p>
      </div>
    </a>
    <a
      href="/flow"
      onClick={[Function]}
    >
      <div
        className="currency-box bg1"
        id="flow"
        onClick={[Function]}
        role="presentation"
      >
        <h4>
          #
          45
        </h4>
        <h2>
          FLOW
        </h2>
        <h3>
          Flow
        </h3>
        <p>
          1.0749886994614157
        </p>
      </div>
    </a>
    <a
      href="/theta"
      onClick={[Function]}
    >
      <div
        className="currency-box bg2"
        id="theta"
        onClick={[Function]}
        role="presentation"
      >
        <h4>
          #
          46
        </h4>
        <h2>
          THETA
        </h2>
        <h3>
          THETA
        </h3>
        <p>
          1.1006459847480765
        </p>
      </div>
    </a>
    <a
      href="/elrond-egld"
      onClick={[Function]}
    >
      <div
        className="currency-box bg2"
        id="elrond-egld"
        onClick={[Function]}
        role="presentation"
      >
        <h4>
          #
          47
        </h4>
        <h2>
          EGLD
        </h2>
        <h3>
          MultiversX
        </h3>
        <p>
          45.1007251911860100
        </p>
      </div>
    </a>
    <a
      href="/the-sandbox"
      onClick={[Function]}
    >
      <div
        className="currency-box bg1"
        id="the-sandbox"
        onClick={[Function]}
        role="presentation"
      >
        <h4>
          #
          48
        </h4>
        <h2>
          SAND
        </h2>
        <h3>
          The Sandbox
        </h3>
        <p>
          0.7154901741434479
        </p>
      </div>
    </a>
    <a
      href="/frax"
      onClick={[Function]}
    >
      <div
        className="currency-box bg1"
        id="frax"
        onClick={[Function]}
        role="presentation"
      >
        <h4>
          #
          49
        </h4>
        <h2>
          FRAX
        </h2>
        <h3>
          Frax
        </h3>
        <p>
          1.0128666985717455
        </p>
      </div>
    </a>
    <a
      href="/tezos"
      onClick={[Function]}
    >
      <div
        className="currency-box bg2"
        id="tezos"
        onClick={[Function]}
        role="presentation"
      >
        <h4>
          #
          50
        </h4>
        <h2>
          XTZ
        </h2>
        <h3>
          Tezos
        </h3>
        <p>
          1.0961570914062056
        </p>
      </div>
    </a>
    <a
      href="/mina"
      onClick={[Function]}
    >
      <div
        className="currency-box bg2"
        id="mina"
        onClick={[Function]}
        role="presentation"
      >
        <h4>
          #
          51
        </h4>
        <h2>
          MINA
        </h2>
        <h3>
          Mina
        </h3>
        <p>
          1.1262914493870774
        </p>
      </div>
    </a>
    <a
      href="/trueusd"
      onClick={[Function]}
    >
      <div
        className="currency-box bg1"
        id="trueusd"
        onClick={[Function]}
        role="presentation"
      >
        <h4>
          #
          52
        </h4>
        <h2>
          TUSD
        </h2>
        <h3>
          TrueUSD
        </h3>
        <p>
          0.9983177538422448
        </p>
      </div>
    </a>
    <a
      href="/chiliz"
      onClick={[Function]}
    >
      <div
        className="currency-box bg1"
        id="chiliz"
        onClick={[Function]}
        role="presentation"
      >
        <h4>
          #
          53
        </h4>
        <h2>
          CHZ
        </h2>
        <h3>
          Chiliz
        </h3>
        <p>
          0.1375463543081125
        </p>
      </div>
    </a>
    <a
      href="/rocket-pool"
      onClick={[Function]}
    >
      <div
        className="currency-box bg2"
        id="rocket-pool"
        onClick={[Function]}
        role="presentation"
      >
        <h4>
          #
          54
        </h4>
        <h2>
          RPL
        </h2>
        <h3>
          Rocket Pool
        </h3>
        <p>
          44.6046598841150936
        </p>
      </div>
    </a>
    <a
      href="/paxos-standard"
      onClick={[Function]}
    >
      <div
        className="currency-box bg2"
        id="paxos-standard"
        onClick={[Function]}
        role="presentation"
      >
        <h4>
          #
          55
        </h4>
        <h2>
          USDP
        </h2>
        <h3>
          Pax Dollar
        </h3>
        <p>
          0.9551920718233603
        </p>
      </div>
    </a>
    <a
      href="/huobi-token"
      onClick={[Function]}
    >
      <div
        className="currency-box bg1"
        id="huobi-token"
        onClick={[Function]}
        role="presentation"
      >
        <h4>
          #
          56
        </h4>
        <h2>
          HT
        </h2>
        <h3>
          Huobi Token
        </h3>
        <p>
          5.0854339934270216
        </p>
      </div>
    </a>
    <a
      href="/kucoin-token"
      onClick={[Function]}
    >
      <div
        className="currency-box bg1"
        id="kucoin-token"
        onClick={[Function]}
        role="presentation"
      >
        <h4>
          #
          57
        </h4>
        <h2>
          KCS
        </h2>
        <h3>
          KuCoin Token
        </h3>
        <p>
          8.2138246812286550
        </p>
      </div>
    </a>
    <a
      href="/curve-dao-token"
      onClick={[Function]}
    >
      <div
        className="currency-box bg2"
        id="curve-dao-token"
        onClick={[Function]}
        role="presentation"
      >
        <h4>
          #
          58
        </h4>
        <h2>
          CRV
        </h2>
        <h3>
          Curve DAO Token
        </h3>
        <p>
          1.0952115820095820
        </p>
      </div>
    </a>
    <a
      href="/bitcoin-sv"
      onClick={[Function]}
    >
      <div
        className="currency-box bg2"
        id="bitcoin-sv"
        onClick={[Function]}
        role="presentation"
      >
        <h4>
          #
          59
        </h4>
        <h2>
          BSV
        </h2>
        <h3>
          Bitcoin SV
        </h3>
        <p>
          41.3833739867092303
        </p>
      </div>
    </a>
    <a
      href="/frax-share"
      onClick={[Function]}
    >
      <div
        className="currency-box bg1"
        id="frax-share"
        onClick={[Function]}
        role="presentation"
      >
        <h4>
          #
          60
        </h4>
        <h2>
          FXS
        </h2>
        <h3>
          Frax Share
        </h3>
        <p>
          10.7555920193278624
        </p>
      </div>
    </a>
    <a
      href="/dash"
      onClick={[Function]}
    >
      <div
        className="currency-box bg1"
        id="dash"
        onClick={[Function]}
        role="presentation"
      >
        <h4>
          #
          61
        </h4>
        <h2>
          DASH
        </h2>
        <h3>
          Dash
        </h3>
        <p>
          70.0192887746241157
        </p>
      </div>
    </a>
    <a
      href="/zcash"
      onClick={[Function]}
    >
      <div
        className="currency-box bg2"
        id="zcash"
        onClick={[Function]}
        role="presentation"
      >
        <h4>
          #
          62
        </h4>
        <h2>
          ZEC
        </h2>
        <h3>
          Zcash
        </h3>
        <p>
          44.5134245622550480
        </p>
      </div>
    </a>
    <a
      href="/maker"
      onClick={[Function]}
    >
      <div
        className="currency-box bg2"
        id="maker"
        onClick={[Function]}
        role="presentation"
      >
        <h4>
          #
          63
        </h4>
        <h2>
          MKR
        </h2>
        <h3>
          Maker
        </h3>
        <p>
          735.2908400052768937
        </p>
      </div>
    </a>
    <a
      href="/klaytn"
      onClick={[Function]}
    >
      <div
        className="currency-box bg1"
        id="klaytn"
        onClick={[Function]}
        role="presentation"
      >
        <h4>
          #
          64
        </h4>
        <h2>
          KLAY
        </h2>
        <h3>
          Klaytn
        </h3>
        <p>
          0.2175261731896484
        </p>
      </div>
    </a>
    <a
      href="/pancakeswap"
      onClick={[Function]}
    >
      <div
        className="currency-box bg1"
        id="pancakeswap"
        onClick={[Function]}
        role="presentation"
      >
        <h4>
          #
          65
        </h4>
        <h2>
          CAKE
        </h2>
        <h3>
          PancakeSwap
        </h3>
        <p>
          4.0275230741913049
        </p>
      </div>
    </a>
    <a
      href="/ecash"
      onClick={[Function]}
    >
      <div
        className="currency-box bg2"
        id="ecash"
        onClick={[Function]}
        role="presentation"
      >
        <h4>
          #
          66
        </h4>
        <h2>
          XEC
        </h2>
        <h3>
          eCash
        </h3>
        <p>
          0.0000344518873628
        </p>
      </div>
    </a>
    <a
      href="/iota"
      onClick={[Function]}
    >
      <div
        className="currency-box bg2"
        id="iota"
        onClick={[Function]}
        role="presentation"
      >
        <h4>
          #
          67
        </h4>
        <h2>
          MIOTA
        </h2>
        <h3>
          IOTA
        </h3>
        <p>
          0.2362989458915593
        </p>
      </div>
    </a>
    <a
      href="/neo"
      onClick={[Function]}
    >
      <div
        className="currency-box bg1"
        id="neo"
        onClick={[Function]}
        role="presentation"
      >
        <h4>
          #
          68
        </h4>
        <h2>
          NEO
        </h2>
        <h3>
          Neo
        </h3>
        <p>
          8.8018463131963368
        </p>
      </div>
    </a>
    <a
      href="/trust-wallet-token"
      onClick={[Function]}
    >
      <div
        className="currency-box bg1"
        id="trust-wallet-token"
        onClick={[Function]}
        role="presentation"
      >
        <h4>
          #
          69
        </h4>
        <h2>
          TWT
        </h2>
        <h3>
          Trust Wallet Token
        </h3>
        <p>
          1.4518161067451994
        </p>
      </div>
    </a>
    <a
      href="/gemini-dollar"
      onClick={[Function]}
    >
      <div
        className="currency-box bg2"
        id="gemini-dollar"
        onClick={[Function]}
        role="presentation"
      >
        <h4>
          #
          70
        </h4>
        <h2>
          GUSD
        </h2>
        <h3>
          Gemini Dollar
        </h3>
        <p>
          0.9875976791484626
        </p>
      </div>
    </a>
    <a
      href="/synthetix-network-token"
      onClick={[Function]}
    >
      <div
        className="currency-box bg2"
        id="synthetix-network-token"
        onClick={[Function]}
        role="presentation"
      >
        <h4>
          #
          71
        </h4>
        <h2>
          SNX
        </h2>
        <h3>
          Synthetix
        </h3>
        <p>
          2.5339507743680449
        </p>
      </div>
    </a>
    <a
      href="/loopring"
      onClick={[Function]}
    >
      <div
        className="currency-box bg1"
        id="loopring"
        onClick={[Function]}
        role="presentation"
      >
        <h4>
          #
          72
        </h4>
        <h2>
          LRC
        </h2>
        <h3>
          Loopring
        </h3>
        <p>
          0.4323644964407750
        </p>
      </div>
    </a>
    <a
      href="/thorchain"
      onClick={[Function]}
    >
      <div
        className="currency-box bg1"
        id="thorchain"
        onClick={[Function]}
        role="presentation"
      >
        <h4>
          #
          73
        </h4>
        <h2>
          RUNE
        </h2>
        <h3>
          THORChain
        </h3>
        <p>
          1.7305955330703770
        </p>
      </div>
    </a>
    <a
      href="/ftx-token"
      onClick={[Function]}
    >
      <div
        className="currency-box bg2"
        id="ftx-token"
        onClick={[Function]}
        role="presentation"
      >
        <h4>
          #
          74
        </h4>
        <h2>
          FTT
        </h2>
        <h3>
          FTX Token
        </h3>
        <p>
          1.6158238610061389
        </p>
      </div>
    </a>
    <a
      href="/singularitynet"
      onClick={[Function]}
    >
      <div
        className="currency-box bg2"
        id="singularitynet"
        onClick={[Function]}
        role="presentation"
      >
        <h4>
          #
          75
        </h4>
        <h2>
          AGIX
        </h2>
        <h3>
          SingularityNET
        </h3>
        <p>
          0.4251337549756503
        </p>
      </div>
    </a>
    <a
      href="/render-token"
      onClick={[Function]}
    >
      <div
        className="currency-box bg1"
        id="render-token"
        onClick={[Function]}
        role="presentation"
      >
        <h4>
          #
          76
        </h4>
        <h2>
          RNDR
        </h2>
        <h3>
          Render Token
        </h3>
        <p>
          1.9115993346390852
        </p>
      </div>
    </a>
    <a
      href="/gatetoken"
      onClick={[Function]}
    >
      <div
        className="currency-box bg1"
        id="gatetoken"
        onClick={[Function]}
        role="presentation"
      >
        <h4>
          #
          77
        </h4>
        <h2>
          GT
        </h2>
        <h3>
          GateToken
        </h3>
        <p>
          4.4251268574446022
        </p>
      </div>
    </a>
    <a
      href="/zilliqa"
      onClick={[Function]}
    >
      <div
        className="currency-box bg2"
        id="zilliqa"
        onClick={[Function]}
        role="presentation"
      >
        <h4>
          #
          78
        </h4>
        <h2>
          ZIL
        </h2>
        <h3>
          Zilliqa
        </h3>
        <p>
          0.0297108206376853
        </p>
      </div>
    </a>
    <a
      href="/convex-finance"
      onClick={[Function]}
    >
      <div
        className="currency-box bg2"
        id="convex-finance"
        onClick={[Function]}
        role="presentation"
      >
        <h4>
          #
          79
        </h4>
        <h2>
          CVX
        </h2>
        <h3>
          Convex Finance
        </h3>
        <p>
          6.2615827763343198
        </p>
      </div>
    </a>
    <a
      href="/oasis-network"
      onClick={[Function]}
    >
      <div
        className="currency-box bg1"
        id="oasis-network"
        onClick={[Function]}
        role="presentation"
      >
        <h4>
          #
          80
        </h4>
        <h2>
          ROSE
        </h2>
        <h3>
          Oasis Network
        </h3>
        <p>
          0.0809178784613665
        </p>
      </div>
    </a>
    <a
      href="/enjin-coin"
      onClick={[Function]}
    >
      <div
        className="currency-box bg1"
        id="enjin-coin"
        onClick={[Function]}
        role="presentation"
      >
        <h4>
          #
          81
        </h4>
        <h2>
          ENJ
        </h2>
        <h3>
          Enjin Coin
        </h3>
        <p>
          0.4536223626561807
        </p>
      </div>
    </a>
    <a
      href="/basic-attention-token"
      onClick={[Function]}
    >
      <div
        className="currency-box bg2"
        id="basic-attention-token"
        onClick={[Function]}
        role="presentation"
      >
        <h4>
          #
          82
        </h4>
        <h2>
          BAT
        </h2>
        <h3>
          Basic Attention Token
        </h3>
        <p>
          0.2993499603234388
        </p>
      </div>
    </a>
    <a
      href="/dydx"
      onClick={[Function]}
    >
      <div
        className="currency-box bg2"
        id="dydx"
        onClick={[Function]}
        role="presentation"
      >
        <h4>
          #
          83
        </h4>
        <h2>
          DYDX
        </h2>
        <h3>
          dYdX
        </h3>
        <p>
          2.8243301837338979
        </p>
      </div>
    </a>
    <a
      href="/stacks"
      onClick={[Function]}
    >
      <div
        className="currency-box bg1"
        id="stacks"
        onClick={[Function]}
        role="presentation"
      >
        <h4>
          #
          84
        </h4>
        <h2>
          STX
        </h2>
        <h3>
          Stacks
        </h3>
        <p>
          0.3234221312841544
        </p>
      </div>
    </a>
    <a
      href="/1inch"
      onClick={[Function]}
    >
      <div
        className="currency-box bg1"
        id="1inch"
        onClick={[Function]}
        role="presentation"
      >
        <h4>
          #
          85
        </h4>
        <h2>
          1INCH
        </h2>
        <h3>
          1inch Network
        </h3>
        <p>
          0.5455250665986381
        </p>
      </div>
    </a>
    <a
      href="/casper"
      onClick={[Function]}
    >
      <div
        className="currency-box bg2"
        id="casper"
        onClick={[Function]}
        role="presentation"
      >
        <h4>
          #
          86
        </h4>
        <h2>
          CSPR
        </h2>
        <h3>
          Casper
        </h3>
        <p>
          0.0381859130432302
        </p>
      </div>
    </a>
    <a
      href="/nexo"
      onClick={[Function]}
    >
      <div
        className="currency-box bg2"
        id="nexo"
        onClick={[Function]}
        role="presentation"
      >
        <h4>
          #
          87
        </h4>
        <h2>
          NEXO
        </h2>
        <h3>
          Nexo
        </h3>
        <p>
          0.7318600655162333
        </p>
      </div>
    </a>
    <a
      href="/arweave"
      onClick={[Function]}
    >
      <div
        className="currency-box bg1"
        id="arweave"
        onClick={[Function]}
        role="presentation"
      >
        <h4>
          #
          88
        </h4>
        <h2>
          AR
        </h2>
        <h3>
          Arweave
        </h3>
        <p>
          11.7095551968319736
        </p>
      </div>
    </a>
    <a
      href="/celo"
      onClick={[Function]}
    >
      <div
        className="currency-box bg1"
        id="celo"
        onClick={[Function]}
        role="presentation"
      >
        <h4>
          #
          89
        </h4>
        <h2>
          CELO
        </h2>
        <h3>
          Celo
        </h3>
        <p>
          0.7723002710271681
        </p>
      </div>
    </a>
    <a
      href="/holo"
      onClick={[Function]}
    >
      <div
        className="currency-box bg2"
        id="holo"
        onClick={[Function]}
        role="presentation"
      >
        <h4>
          #
          90
        </h4>
        <h2>
          HOT
        </h2>
        <h3>
          Holo
        </h3>
        <p>
          0.0021518248561030
        </p>
      </div>
    </a>
    <a
      href="/kava"
      onClick={[Function]}
    >
      <div
        className="currency-box bg2"
        id="kava"
        onClick={[Function]}
        role="presentation"
      >
        <h4>
          #
          91
        </h4>
        <h2>
          KAVA
        </h2>
        <h3>
          Kava
        </h3>
        <p>
          0.9054950505460996
        </p>
      </div>
    </a>
    <a
      href="/fetch"
      onClick={[Function]}
    >
      <div
        className="currency-box bg1"
        id="fetch"
        onClick={[Function]}
        role="presentation"
      >
        <h4>
          #
          92
        </h4>
        <h2>
          FET
        </h2>
        <h3>
          Fetch.ai
        </h3>
        <p>
          0.4465798730325411
        </p>
      </div>
    </a>
    <a
      href="/compound"
      onClick={[Function]}
    >
      <div
        className="currency-box bg1"
        id="compound"
        onClick={[Function]}
        role="presentation"
      >
        <h4>
          #
          93
        </h4>
        <h2>
          COMP
        </h2>
        <h3>
          Compound
        </h3>
        <p>
          50.2963065499687463
        </p>
      </div>
    </a>
    <a
      href="/ravencoin"
      onClick={[Function]}
    >
      <div
        className="currency-box bg2"
        id="ravencoin"
        onClick={[Function]}
        role="presentation"
      >
        <h4>
          #
          94
        </h4>
        <h2>
          RVN
        </h2>
        <h3>
          Ravencoin
        </h3>
        <p>
          0.0300305491137732
        </p>
      </div>
    </a>
    <a
      href="/wootrade"
      onClick={[Function]}
    >
      <div
        className="currency-box bg2"
        id="wootrade"
        onClick={[Function]}
        role="presentation"
      >
        <h4>
          #
          95
        </h4>
        <h2>
          WOO
        </h2>
        <h3>
          WOO Network
        </h3>
        <p>
          0.2190234910772186
        </p>
      </div>
    </a>
    <a
      href="/helium"
      onClick={[Function]}
    >
      <div
        className="currency-box bg1"
        id="helium"
        onClick={[Function]}
        role="presentation"
      >
        <h4>
          #
          96
        </h4>
        <h2>
          HNT
        </h2>
        <h3>
          Helium
        </h3>
        <p>
          2.5422819567444775
        </p>
      </div>
    </a>
    <a
      href="/decred"
      onClick={[Function]}
    >
      <div
        className="currency-box bg1"
        id="decred"
        onClick={[Function]}
        role="presentation"
      >
        <h4>
          #
          97
        </h4>
        <h2>
          DCR
        </h2>
        <h3>
          Decred
        </h3>
        <p>
          23.7118587444761896
        </p>
      </div>
    </a>
    <a
      href="/nem"
      onClick={[Function]}
    >
      <div
        className="currency-box bg2"
        id="nem"
        onClick={[Function]}
        role="presentation"
      >
        <h4>
          #
          98
        </h4>
        <h2>
          XEM
        </h2>
        <h3>
          NEM
        </h3>
        <p>
          0.0385457005244681
        </p>
      </div>
    </a>
    <a
      href="/theta-fuel"
      onClick={[Function]}
    >
      <div
        className="currency-box bg2"
        id="theta-fuel"
        onClick={[Function]}
        role="presentation"
      >
        <h4>
          #
          99
        </h4>
        <h2>
          TFUEL
        </h2>
        <h3>
          Theta Fuel
        </h3>
        <p>
          0.0547131055051591
        </p>
      </div>
    </a>
    <a
      href="/harmony"
      onClick={[Function]}
    >
      <div
        className="currency-box bg1"
        id="harmony"
        onClick={[Function]}
        role="presentation"
      >
        <h4>
          #
          100
        </h4>
        <h2>
          ONE
        </h2>
        <h3>
          Harmony
        </h3>
        <p>
          0.0249568105895922
        </p>
      </div>
    </a>
  </div>,
]
`;
